
> backend@1.0.0 test
> jest --runInBand --verbose tests/memberController.test.js

  console.log
    [dotenv@17.2.1] injecting env (10) from .env -- tip: ≡ƒöÉ prevent committing .env to code: https://dotenvx.com/precommit

      at _log (node_modules/dotenv/lib/main.js:139:11)

::ffff:127.0.0.1 - - [27/Dec/2025:20:06:06 +0000] "GET /api/members HTTP/1.1" 200 - "-" "-"
::ffff:127.0.0.1 - - [27/Dec/2025:20:06:06 +0000] "POST /api/members HTTP/1.1" 201 295 "-" "-"
  console.error
    Error occurred: CastError Cast to ObjectId failed for value "undefined" (type string) at path "_id" for model "Member"

    [0m [90m 1 |[39m module[33m.[39mexports [33m=[39m (err[33m,[39m req[33m,[39m res[33m,[39m next) [33m=>[39m {
    [31m[1m>[22m[39m[90m 2 |[39m   console[33m.[39merror([32m'Error occurred:'[39m[33m,[39m err[33m.[39mname[33m,[39m err[33m.[39mmessage)[33m;[39m
     [90m   |[39m           [31m[1m^[22m[39m
     [90m 3 |[39m   console[33m.[39merror([32m'Full error:'[39m[33m,[39m err)[33m;[39m
     [90m 4 |[39m   
     [90m 5 |[39m   [90m// Handle JWT errors[39m[0m

      at Object.<anonymous>.module.exports (middleware/errorHandler.js:2:11)
      at Layer.handleError (node_modules/router/lib/layer.js:116:17)
      at trimPrefix (node_modules/router/index.js:340:13)
      at node_modules/router/index.js:297:9
      at processParams (node_modules/router/index.js:582:12)
      at next (node_modules/router/index.js:291:5)
      at node_modules/router/index.js:688:15
      at next (node_modules/router/index.js:276:14)
      at next (node_modules/router/lib/route.js:132:14)
      at Object.<anonymous>.exports.getMember (controllers/memberController.js:21:5)

  console.error
    Full error: CastError: Cast to ObjectId failed for value "undefined" (type string) at path "_id" for model "Member"
        at SchemaObjectId.Object.<anonymous>.SchemaObjectId.cast (C:\dev\MEAN15b\backend\node_modules\mongoose\lib\schema\objectId.js:251:11)
        at SchemaObjectId.Object.<anonymous>.SchemaType.applySetters (C:\dev\MEAN15b\backend\node_modules\mongoose\lib\schemaType.js:1259:12)
        at SchemaObjectId.Object.<anonymous>.SchemaType.castForQuery (C:\dev\MEAN15b\backend\node_modules\mongoose\lib\schemaType.js:1695:17)
        at cast (C:\dev\MEAN15b\backend\node_modules\mongoose\lib\cast.js:390:32)
        at model.Query.Object.<anonymous>.Query.cast (C:\dev\MEAN15b\backend\node_modules\mongoose\lib\query.js:5060:12)
        at model.Query.Object.<anonymous>.Query._castConditions (C:\dev\MEAN15b\backend\node_modules\mongoose\lib\query.js:2374:10)
        at model.Query._findOne (C:\dev\MEAN15b\backend\node_modules\mongoose\lib\query.js:2697:8)
        at model.Query.exec (C:\dev\MEAN15b\backend\node_modules\mongoose\lib\query.js:4627:80)
        at processTicksAndRejections (node:internal/process/task_queues:105:5)
        at Object.<anonymous>.exports.getMember (C:\dev\MEAN15b\backend\controllers\memberController.js:17:20) {
      stringValue: '"undefined"',
      messageFormat: undefined,
      kind: 'ObjectId',
      value: 'undefined',
      path: '_id',
      reason: BSONError: input must be a 24 character hex string, 12 byte Uint8Array, or an integer
          at new ObjectId (C:\dev\MEAN15b\backend\node_modules\bson\src\objectid.ts:120:15)
          at castObjectId (C:\dev\MEAN15b\backend\node_modules\mongoose\lib\cast\objectid.js:25:12)
          at SchemaObjectId.Object.<anonymous>.SchemaObjectId.cast (C:\dev\MEAN15b\backend\node_modules\mongoose\lib\schema\objectId.js:249:12)
          at SchemaObjectId.Object.<anonymous>.SchemaType.applySetters (C:\dev\MEAN15b\backend\node_modules\mongoose\lib\schemaType.js:1259:12)
          at SchemaObjectId.Object.<anonymous>.SchemaType.castForQuery (C:\dev\MEAN15b\backend\node_modules\mongoose\lib\schemaType.js:1695:17)
          at cast (C:\dev\MEAN15b\backend\node_modules\mongoose\lib\cast.js:390:32)
          at model.Query.Object.<anonymous>.Query.cast (C:\dev\MEAN15b\backend\node_modules\mongoose\lib\query.js:5060:12)
          at model.Query.Object.<anonymous>.Query._castConditions (C:\dev\MEAN15b\backend\node_modules\mongoose\lib\query.js:2374:10)
          at model.Query._findOne (C:\dev\MEAN15b\backend\node_modules\mongoose\lib\query.js:2697:8)
          at model.Query.exec (C:\dev\MEAN15b\backend\node_modules\mongoose\lib\query.js:4627:80)
          at processTicksAndRejections (node:internal/process/task_queues:105:5)
          at Object.<anonymous>.exports.getMember (C:\dev\MEAN15b\backend\controllers\memberController.js:17:20),
      valueType: 'string'
    }

    [0m [90m 1 |[39m module[33m.[39mexports [33m=[39m (err[33m,[39m req[33m,[39m res[33m,[39m next) [33m=>[39m {
     [90m 2 |[39m   console[33m.[39merror([32m'Error occurred:'[39m[33m,[39m err[33m.[39mname[33m,[39m err[33m.[39mmessage)[33m;[39m
    [31m[1m>[22m[39m[90m 3 |[39m   console[33m.[39merror([32m'Full error:'[39m[33m,[39m err)[33m;[39m
     [90m   |[39m           [31m[1m^[22m[39m
     [90m 4 |[39m   
     [90m 5 |[39m   [90m// Handle JWT errors[39m
     [90m 6 |[39m   [36mif[39m (err[33m.[39mname [33m===[39m [32m'UnauthorizedError'[39m) {[0m

      at Object.<anonymous>.module.exports (middleware/errorHandler.js:3:11)
      at Layer.handleError (node_modules/router/lib/layer.js:116:17)
      at trimPrefix (node_modules/router/index.js:340:13)
      at node_modules/router/index.js:297:9
      at processParams (node_modules/router/index.js:582:12)
      at next (node_modules/router/index.js:291:5)
      at node_modules/router/index.js:688:15
      at next (node_modules/router/index.js:276:14)
      at next (node_modules/router/lib/route.js:132:14)
      at Object.<anonymous>.exports.getMember (controllers/memberController.js:21:5)

::ffff:127.0.0.1 - - [27/Dec/2025:20:06:07 +0000] "GET /api/members/undefined HTTP/1.1" 500 126 "-" "-"
::ffff:127.0.0.1 - - [27/Dec/2025:20:06:07 +0000] "POST /api/members HTTP/1.1" 201 294 "-" "-"
  console.log
    Create member response for fullname test: {
      success: true,
      member: {
        _id: '69503c2f3d5f34f53a6f5817',
        firstName: 'Jane',
        lastName: 'Doe',
        scorecardsId: [],
        author: {
          id: 'test-user-id',
          email: 'admin@example.com',
          name: 'Test Admin'
        },
        hidden: false,
        createdAt: '2025-12-27T20:06:07.021Z',
        updatedAt: '2025-12-27T20:06:07.021Z',
        __v: 0
      }
    }

      at Object.<anonymous> (tests/memberController.test.js:78:15)

  console.error
    Error occurred: CastError Cast to ObjectId failed for value "undefined" (type string) at path "_id" for model "Member"

    [0m [90m 1 |[39m module[33m.[39mexports [33m=[39m (err[33m,[39m req[33m,[39m res[33m,[39m next) [33m=>[39m {
    [31m[1m>[22m[39m[90m 2 |[39m   console[33m.[39merror([32m'Error occurred:'[39m[33m,[39m err[33m.[39mname[33m,[39m err[33m.[39mmessage)[33m;[39m
     [90m   |[39m           [31m[1m^[22m[39m
     [90m 3 |[39m   console[33m.[39merror([32m'Full error:'[39m[33m,[39m err)[33m;[39m
     [90m 4 |[39m   
     [90m 5 |[39m   [90m// Handle JWT errors[39m[0m

      at Object.<anonymous>.module.exports (middleware/errorHandler.js:2:11)
      at Layer.handleError (node_modules/router/lib/layer.js:116:17)
      at trimPrefix (node_modules/router/index.js:340:13)
      at node_modules/router/index.js:297:9
      at processParams (node_modules/router/index.js:582:12)
      at next (node_modules/router/index.js:291:5)
      at node_modules/router/index.js:688:15
      at next (node_modules/router/index.js:276:14)
      at next (node_modules/router/lib/route.js:132:14)
      at Object.<anonymous>.exports.getMember (controllers/memberController.js:21:5)

  console.error
    Full error: CastError: Cast to ObjectId failed for value "undefined" (type string) at path "_id" for model "Member"
        at SchemaObjectId.Object.<anonymous>.SchemaObjectId.cast (C:\dev\MEAN15b\backend\node_modules\mongoose\lib\schema\objectId.js:251:11)
        at SchemaObjectId.Object.<anonymous>.SchemaType.applySetters (C:\dev\MEAN15b\backend\node_modules\mongoose\lib\schemaType.js:1259:12)
        at SchemaObjectId.Object.<anonymous>.SchemaType.castForQuery (C:\dev\MEAN15b\backend\node_modules\mongoose\lib\schemaType.js:1695:17)
        at cast (C:\dev\MEAN15b\backend\node_modules\mongoose\lib\cast.js:390:32)
        at model.Query.Object.<anonymous>.Query.cast (C:\dev\MEAN15b\backend\node_modules\mongoose\lib\query.js:5060:12)
        at model.Query.Object.<anonymous>.Query._castConditions (C:\dev\MEAN15b\backend\node_modules\mongoose\lib\query.js:2374:10)
        at model.Query._findOne (C:\dev\MEAN15b\backend\node_modules\mongoose\lib\query.js:2697:8)
        at model.Query.exec (C:\dev\MEAN15b\backend\node_modules\mongoose\lib\query.js:4627:80)
        at processTicksAndRejections (node:internal/process/task_queues:105:5)
        at Object.<anonymous>.exports.getMember (C:\dev\MEAN15b\backend\controllers\memberController.js:17:20) {
      stringValue: '"undefined"',
      messageFormat: undefined,
      kind: 'ObjectId',
      value: 'undefined',
      path: '_id',
      reason: BSONError: input must be a 24 character hex string, 12 byte Uint8Array, or an integer
          at new ObjectId (C:\dev\MEAN15b\backend\node_modules\bson\src\objectid.ts:120:15)
          at castObjectId (C:\dev\MEAN15b\backend\node_modules\mongoose\lib\cast\objectid.js:25:12)
          at SchemaObjectId.Object.<anonymous>.SchemaObjectId.cast (C:\dev\MEAN15b\backend\node_modules\mongoose\lib\schema\objectId.js:249:12)
          at SchemaObjectId.Object.<anonymous>.SchemaType.applySetters (C:\dev\MEAN15b\backend\node_modules\mongoose\lib\schemaType.js:1259:12)
          at SchemaObjectId.Object.<anonymous>.SchemaType.castForQuery (C:\dev\MEAN15b\backend\node_modules\mongoose\lib\schemaType.js:1695:17)
          at cast (C:\dev\MEAN15b\backend\node_modules\mongoose\lib\cast.js:390:32)
          at model.Query.Object.<anonymous>.Query.cast (C:\dev\MEAN15b\backend\node_modules\mongoose\lib\query.js:5060:12)
          at model.Query.Object.<anonymous>.Query._castConditions (C:\dev\MEAN15b\backend\node_modules\mongoose\lib\query.js:2374:10)
          at model.Query._findOne (C:\dev\MEAN15b\backend\node_modules\mongoose\lib\query.js:2697:8)
          at model.Query.exec (C:\dev\MEAN15b\backend\node_modules\mongoose\lib\query.js:4627:80)
          at processTicksAndRejections (node:internal/process/task_queues:105:5)
          at Object.<anonymous>.exports.getMember (C:\dev\MEAN15b\backend\controllers\memberController.js:17:20),
      valueType: 'string'
    }

    [0m [90m 1 |[39m module[33m.[39mexports [33m=[39m (err[33m,[39m req[33m,[39m res[33m,[39m next) [33m=>[39m {
     [90m 2 |[39m   console[33m.[39merror([32m'Error occurred:'[39m[33m,[39m err[33m.[39mname[33m,[39m err[33m.[39mmessage)[33m;[39m
    [31m[1m>[22m[39m[90m 3 |[39m   console[33m.[39merror([32m'Full error:'[39m[33m,[39m err)[33m;[39m
     [90m   |[39m           [31m[1m^[22m[39m
     [90m 4 |[39m   
     [90m 5 |[39m   [90m// Handle JWT errors[39m
     [90m 6 |[39m   [36mif[39m (err[33m.[39mname [33m===[39m [32m'UnauthorizedError'[39m) {[0m

      at Object.<anonymous>.module.exports (middleware/errorHandler.js:3:11)
      at Layer.handleError (node_modules/router/lib/layer.js:116:17)
      at trimPrefix (node_modules/router/index.js:340:13)
      at node_modules/router/index.js:297:9
      at processParams (node_modules/router/index.js:582:12)
      at next (node_modules/router/index.js:291:5)
      at node_modules/router/index.js:688:15
      at next (node_modules/router/index.js:276:14)
      at next (node_modules/router/lib/route.js:132:14)
      at Object.<anonymous>.exports.getMember (controllers/memberController.js:21:5)

::ffff:127.0.0.1 - - [27/Dec/2025:20:06:07 +0000] "GET /api/members/undefined HTTP/1.1" 500 126 "-" "-"
  console.error
    Error occurred: CastError Cast to ObjectId failed for value "undefined" (type string) at path "_id" for model "Member"

    [0m [90m 1 |[39m module[33m.[39mexports [33m=[39m (err[33m,[39m req[33m,[39m res[33m,[39m next) [33m=>[39m {
    [31m[1m>[22m[39m[90m 2 |[39m   console[33m.[39merror([32m'Error occurred:'[39m[33m,[39m err[33m.[39mname[33m,[39m err[33m.[39mmessage)[33m;[39m
     [90m   |[39m           [31m[1m^[22m[39m
     [90m 3 |[39m   console[33m.[39merror([32m'Full error:'[39m[33m,[39m err)[33m;[39m
     [90m 4 |[39m   
     [90m 5 |[39m   [90m// Handle JWT errors[39m[0m

      at Object.<anonymous>.module.exports (middleware/errorHandler.js:2:11)
      at Layer.handleError (node_modules/router/lib/layer.js:116:17)
      at trimPrefix (node_modules/router/index.js:340:13)
      at node_modules/router/index.js:297:9
      at processParams (node_modules/router/index.js:582:12)
      at next (node_modules/router/index.js:291:5)
      at node_modules/router/index.js:688:15
      at next (node_modules/router/index.js:276:14)
      at next (node_modules/router/lib/route.js:132:14)
      at Object.<anonymous>.exports.updateMember (controllers/memberController.js:46:5)

  console.error
    Full error: CastError: Cast to ObjectId failed for value "undefined" (type string) at path "_id" for model "Member"
        at SchemaObjectId.Object.<anonymous>.SchemaObjectId.cast (C:\dev\MEAN15b\backend\node_modules\mongoose\lib\schema\objectId.js:251:11)
        at SchemaObjectId.Object.<anonymous>.SchemaType.applySetters (C:\dev\MEAN15b\backend\node_modules\mongoose\lib\schemaType.js:1259:12)
        at SchemaObjectId.Object.<anonymous>.SchemaType.castForQuery (C:\dev\MEAN15b\backend\node_modules\mongoose\lib\schemaType.js:1695:17)
        at cast (C:\dev\MEAN15b\backend\node_modules\mongoose\lib\cast.js:390:32)
        at model.Query.Object.<anonymous>.Query.cast (C:\dev\MEAN15b\backend\node_modules\mongoose\lib\query.js:5060:12)
        at model.Query.Object.<anonymous>.Query._castConditions (C:\dev\MEAN15b\backend\node_modules\mongoose\lib\query.js:2374:10)
        at model.Query._findOneAndUpdate (C:\dev\MEAN15b\backend\node_modules\mongoose\lib\query.js:3477:8)
        at model.Query.exec (C:\dev\MEAN15b\backend\node_modules\mongoose\lib\query.js:4627:80)
        at processTicksAndRejections (node:internal/process/task_queues:105:5)
        at Object.<anonymous>.exports.updateMember (C:\dev\MEAN15b\backend\controllers\memberController.js:40:20) {
      stringValue: '"undefined"',
      messageFormat: undefined,
      kind: 'ObjectId',
      value: 'undefined',
      path: '_id',
      reason: BSONError: input must be a 24 character hex string, 12 byte Uint8Array, or an integer
          at new ObjectId (C:\dev\MEAN15b\backend\node_modules\bson\src\objectid.ts:120:15)
          at castObjectId (C:\dev\MEAN15b\backend\node_modules\mongoose\lib\cast\objectid.js:25:12)
          at SchemaObjectId.Object.<anonymous>.SchemaObjectId.cast (C:\dev\MEAN15b\backend\node_modules\mongoose\lib\schema\objectId.js:249:12)
          at SchemaObjectId.Object.<anonymous>.SchemaType.applySetters (C:\dev\MEAN15b\backend\node_modules\mongoose\lib\schemaType.js:1259:12)
          at SchemaObjectId.Object.<anonymous>.SchemaType.castForQuery (C:\dev\MEAN15b\backend\node_modules\mongoose\lib\schemaType.js:1695:17)
          at cast (C:\dev\MEAN15b\backend\node_modules\mongoose\lib\cast.js:390:32)
          at model.Query.Object.<anonymous>.Query.cast (C:\dev\MEAN15b\backend\node_modules\mongoose\lib\query.js:5060:12)
          at model.Query.Object.<anonymous>.Query._castConditions (C:\dev\MEAN15b\backend\node_modules\mongoose\lib\query.js:2374:10)
          at model.Query._findOneAndUpdate (C:\dev\MEAN15b\backend\node_modules\mongoose\lib\query.js:3477:8)
          at model.Query.exec (C:\dev\MEAN15b\backend\node_modules\mongoose\lib\query.js:4627:80)
          at processTicksAndRejections (node:internal/process/task_queues:105:5)
          at Object.<anonymous>.exports.updateMember (C:\dev\MEAN15b\backend\controllers\memberController.js:40:20),
      valueType: 'string'
    }

    [0m [90m 1 |[39m module[33m.[39mexports [33m=[39m (err[33m,[39m req[33m,[39m res[33m,[39m next) [33m=>[39m {
     [90m 2 |[39m   console[33m.[39merror([32m'Error occurred:'[39m[33m,[39m err[33m.[39mname[33m,[39m err[33m.[39mmessage)[33m;[39m
    [31m[1m>[22m[39m[90m 3 |[39m   console[33m.[39merror([32m'Full error:'[39m[33m,[39m err)[33m;[39m
     [90m   |[39m           [31m[1m^[22m[39m
     [90m 4 |[39m   
     [90m 5 |[39m   [90m// Handle JWT errors[39m
     [90m 6 |[39m   [36mif[39m (err[33m.[39mname [33m===[39m [32m'UnauthorizedError'[39m) {[0m

      at Object.<anonymous>.module.exports (middleware/errorHandler.js:3:11)
      at Layer.handleError (node_modules/router/lib/layer.js:116:17)
      at trimPrefix (node_modules/router/index.js:340:13)
      at node_modules/router/index.js:297:9
      at processParams (node_modules/router/index.js:582:12)
      at next (node_modules/router/index.js:291:5)
      at node_modules/router/index.js:688:15
      at next (node_modules/router/index.js:276:14)
      at next (node_modules/router/lib/route.js:132:14)
      at Object.<anonymous>.exports.updateMember (controllers/memberController.js:46:5)

::ffff:127.0.0.1 - - [27/Dec/2025:20:06:07 +0000] "PUT /api/members/undefined HTTP/1.1" 500 126 "-" "-"
  console.log
    DELETE /api/members/:id called with params: [Object: null prototype] { id: 'undefined' } body: undefined

      at Object.<anonymous>.exports.deleteMember (controllers/memberController.js:52:13)

  console.error
    Error fetching associated scores: CastError: Cast to ObjectId failed for value "undefined" (type string) at path "memberId" for model "Score"
        at SchemaObjectId.Object.<anonymous>.SchemaObjectId.cast (C:\dev\MEAN15b\backend\node_modules\mongoose\lib\schema\objectId.js:251:11)
        at SchemaObjectId.Object.<anonymous>.SchemaType.applySetters (C:\dev\MEAN15b\backend\node_modules\mongoose\lib\schemaType.js:1259:12)
        at SchemaObjectId.Object.<anonymous>.SchemaType.castForQuery (C:\dev\MEAN15b\backend\node_modules\mongoose\lib\schemaType.js:1695:17)
        at cast (C:\dev\MEAN15b\backend\node_modules\mongoose\lib\cast.js:390:32)
        at model.Query.Object.<anonymous>.Query.cast (C:\dev\MEAN15b\backend\node_modules\mongoose\lib\query.js:5060:12)
        at model.Query.Object.<anonymous>.Query._castConditions (C:\dev\MEAN15b\backend\node_modules\mongoose\lib\query.js:2374:10)
        at model.Query._find (C:\dev\MEAN15b\backend\node_modules\mongoose\lib\query.js:2401:8)
        at model.Query.exec (C:\dev\MEAN15b\backend\node_modules\mongoose\lib\query.js:4627:80)
        at processTicksAndRejections (node:internal/process/task_queues:105:5)
        at Object.<anonymous>.exports.deleteMember (C:\dev\MEAN15b\backend\controllers\memberController.js:58:26) {
      stringValue: '"undefined"',
      messageFormat: undefined,
      kind: 'ObjectId',
      value: 'undefined',
      path: 'memberId',
      reason: BSONError: input must be a 24 character hex string, 12 byte Uint8Array, or an integer
          at new ObjectId (C:\dev\MEAN15b\backend\node_modules\bson\src\objectid.ts:120:15)
          at castObjectId (C:\dev\MEAN15b\backend\node_modules\mongoose\lib\cast\objectid.js:25:12)
          at SchemaObjectId.Object.<anonymous>.SchemaObjectId.cast (C:\dev\MEAN15b\backend\node_modules\mongoose\lib\schema\objectId.js:249:12)
          at SchemaObjectId.Object.<anonymous>.SchemaType.applySetters (C:\dev\MEAN15b\backend\node_modules\mongoose\lib\schemaType.js:1259:12)
          at SchemaObjectId.Object.<anonymous>.SchemaType.castForQuery (C:\dev\MEAN15b\backend\node_modules\mongoose\lib\schemaType.js:1695:17)
          at cast (C:\dev\MEAN15b\backend\node_modules\mongoose\lib\cast.js:390:32)
          at model.Query.Object.<anonymous>.Query.cast (C:\dev\MEAN15b\backend\node_modules\mongoose\lib\query.js:5060:12)
          at model.Query.Object.<anonymous>.Query._castConditions (C:\dev\MEAN15b\backend\node_modules\mongoose\lib\query.js:2374:10)
          at model.Query._find (C:\dev\MEAN15b\backend\node_modules\mongoose\lib\query.js:2401:8)
          at model.Query.exec (C:\dev\MEAN15b\backend\node_modules\mongoose\lib\query.js:4627:80)
          at processTicksAndRejections (node:internal/process/task_queues:105:5)
          at Object.<anonymous>.exports.deleteMember (C:\dev\MEAN15b\backend\controllers\memberController.js:58:26),
      valueType: 'string'
    }

    [0m [90m 58 |[39m       associatedScores [33m=[39m [36mawait[39m [33mScore[39m[33m.[39mfind({ memberId[33m:[39m memberId })[33m.[39mlean()[33m;[39m
     [90m 59 |[39m     } [36mcatch[39m (scoreErr) {
    [31m[1m>[22m[39m[90m 60 |[39m       console[33m.[39merror([32m'Error fetching associated scores:'[39m[33m,[39m scoreErr)[33m;[39m
     [90m    |[39m               [31m[1m^[22m[39m
     [90m 61 |[39m       [36mreturn[39m res[33m.[39mstatus([35m500[39m)[33m.[39mjson({ success[33m:[39m [36mfalse[39m[33m,[39m message[33m:[39m [32m'Error fetching associated scores'[39m[33m,[39m error[33m:[39m scoreErr[33m.[39mmessage })[33m;[39m
     [90m 62 |[39m     }
     [90m 63 |[39m     [0m

      at Object.<anonymous>.exports.deleteMember (controllers/memberController.js:60:15)

::ffff:127.0.0.1 - - [27/Dec/2025:20:06:07 +0000] "DELETE /api/members/undefined HTTP/1.1" 500 175 "-" "-"
  console.error
    Error occurred: ValidationError Member validation failed: usgaIndex: USGA Index cannot be greater than 54.0

    [0m [90m 1 |[39m module[33m.[39mexports [33m=[39m (err[33m,[39m req[33m,[39m res[33m,[39m next) [33m=>[39m {
    [31m[1m>[22m[39m[90m 2 |[39m   console[33m.[39merror([32m'Error occurred:'[39m[33m,[39m err[33m.[39mname[33m,[39m err[33m.[39mmessage)[33m;[39m
     [90m   |[39m           [31m[1m^[22m[39m
     [90m 3 |[39m   console[33m.[39merror([32m'Full error:'[39m[33m,[39m err)[33m;[39m
     [90m 4 |[39m   
     [90m 5 |[39m   [90m// Handle JWT errors[39m[0m

      at Object.<anonymous>.module.exports (middleware/errorHandler.js:2:11)
      at Layer.handleError (node_modules/router/lib/layer.js:116:17)
      at trimPrefix (node_modules/router/index.js:340:13)
      at node_modules/router/index.js:297:9
      at processParams (node_modules/router/index.js:582:12)
      at next (node_modules/router/index.js:291:5)
      at node_modules/router/index.js:688:15
      at next (node_modules/router/index.js:276:14)
      at next (node_modules/router/lib/route.js:132:14)
      at Object.<anonymous>.exports.createMember (controllers/memberController.js:33:5)

  console.error
    Full error: Error: Member validation failed: usgaIndex: USGA Index cannot be greater than 54.0
        at ValidationError.inspect (C:\dev\MEAN15b\backend\node_modules\mongoose\lib\error\validation.js:52:26)
        at formatValue (node:internal/util/inspect:887:19)
        at inspect (node:internal/util/inspect:409:10)
        at formatWithOptionsInternal (node:internal/util/inspect:2579:40)
        at format (node:internal/util/inspect:2436:10)
        at console.error (C:\dev\MEAN15b\backend\node_modules\@jest\console\build\CustomConsole.js:112:48)
        at Object.<anonymous>.module.exports (C:\dev\MEAN15b\backend\middleware\errorHandler.js:3:11)
        at Layer.handleError (C:\dev\MEAN15b\backend\node_modules\router\lib\layer.js:116:17)
        at trimPrefix (C:\dev\MEAN15b\backend\node_modules\router\index.js:340:13)
        at C:\dev\MEAN15b\backend\node_modules\router\index.js:297:9
        at processParams (C:\dev\MEAN15b\backend\node_modules\router\index.js:582:12)
        at next (C:\dev\MEAN15b\backend\node_modules\router\index.js:291:5)
        at C:\dev\MEAN15b\backend\node_modules\router\index.js:688:15
        at next (C:\dev\MEAN15b\backend\node_modules\router\index.js:276:14)
        at next (C:\dev\MEAN15b\backend\node_modules\router\lib\route.js:132:14)
        at Object.<anonymous>.exports.createMember (C:\dev\MEAN15b\backend\controllers\memberController.js:33:5)
        at processTicksAndRejections (node:internal/process/task_queues:105:5) {
      errors: {
        usgaIndex: ValidatorError: USGA Index cannot be greater than 54.0
            at validate (C:\dev\MEAN15b\backend\node_modules\mongoose\lib\schemaType.js:1414:13)
            at SchemaNumber.Object.<anonymous>.SchemaType.doValidate (C:\dev\MEAN15b\backend\node_modules\mongoose\lib\schemaType.js:1398:7)
            at C:\dev\MEAN15b\backend\node_modules\mongoose\lib\document.js:3115:18
            at processTicksAndRejections (node:internal/process/task_queues:85:11) {
          properties: [Object],
          kind: 'max',
          path: 'usgaIndex',
          value: 60,
          reason: undefined,
          [Symbol(mongoose#validatorError)]: true
        }
      },
      _message: 'Member validation failed'
    }

    [0m [90m 1 |[39m module[33m.[39mexports [33m=[39m (err[33m,[39m req[33m,[39m res[33m,[39m next) [33m=>[39m {
     [90m 2 |[39m   console[33m.[39merror([32m'Error occurred:'[39m[33m,[39m err[33m.[39mname[33m,[39m err[33m.[39mmessage)[33m;[39m
    [31m[1m>[22m[39m[90m 3 |[39m   console[33m.[39merror([32m'Full error:'[39m[33m,[39m err)[33m;[39m
     [90m   |[39m           [31m[1m^[22m[39m
     [90m 4 |[39m   
     [90m 5 |[39m   [90m// Handle JWT errors[39m
     [90m 6 |[39m   [36mif[39m (err[33m.[39mname [33m===[39m [32m'UnauthorizedError'[39m) {[0m

      at Object.<anonymous>.module.exports (middleware/errorHandler.js:3:11)
      at Layer.handleError (node_modules/router/lib/layer.js:116:17)
      at trimPrefix (node_modules/router/index.js:340:13)
      at node_modules/router/index.js:297:9
      at processParams (node_modules/router/index.js:582:12)
      at next (node_modules/router/index.js:291:5)
      at node_modules/router/index.js:688:15
      at next (node_modules/router/index.js:276:14)
      at next (node_modules/router/lib/route.js:132:14)
      at Object.<anonymous>.exports.createMember (controllers/memberController.js:33:5)

::ffff:127.0.0.1 - - [27/Dec/2025:20:06:07 +0000] "POST /api/members HTTP/1.1" 400 103 "-" "-"
  console.error
    Error occurred: ValidationError Member validation failed: usgaIndex: USGA Index cannot be less than -10.0

    [0m [90m 1 |[39m module[33m.[39mexports [33m=[39m (err[33m,[39m req[33m,[39m res[33m,[39m next) [33m=>[39m {
    [31m[1m>[22m[39m[90m 2 |[39m   console[33m.[39merror([32m'Error occurred:'[39m[33m,[39m err[33m.[39mname[33m,[39m err[33m.[39mmessage)[33m;[39m
     [90m   |[39m           [31m[1m^[22m[39m
     [90m 3 |[39m   console[33m.[39merror([32m'Full error:'[39m[33m,[39m err)[33m;[39m
     [90m 4 |[39m   
     [90m 5 |[39m   [90m// Handle JWT errors[39m[0m

      at Object.<anonymous>.module.exports (middleware/errorHandler.js:2:11)
      at Layer.handleError (node_modules/router/lib/layer.js:116:17)
      at trimPrefix (node_modules/router/index.js:340:13)
      at node_modules/router/index.js:297:9
      at processParams (node_modules/router/index.js:582:12)
      at next (node_modules/router/index.js:291:5)
      at node_modules/router/index.js:688:15
      at next (node_modules/router/index.js:276:14)
      at next (node_modules/router/lib/route.js:132:14)
      at Object.<anonymous>.exports.createMember (controllers/memberController.js:33:5)

  console.error
    Full error: Error: Member validation failed: usgaIndex: USGA Index cannot be less than -10.0
        at ValidationError.inspect (C:\dev\MEAN15b\backend\node_modules\mongoose\lib\error\validation.js:52:26)
        at formatValue (node:internal/util/inspect:887:19)
        at inspect (node:internal/util/inspect:409:10)
        at formatWithOptionsInternal (node:internal/util/inspect:2579:40)
        at format (node:internal/util/inspect:2436:10)
        at console.error (C:\dev\MEAN15b\backend\node_modules\@jest\console\build\CustomConsole.js:112:48)
        at Object.<anonymous>.module.exports (C:\dev\MEAN15b\backend\middleware\errorHandler.js:3:11)
        at Layer.handleError (C:\dev\MEAN15b\backend\node_modules\router\lib\layer.js:116:17)
        at trimPrefix (C:\dev\MEAN15b\backend\node_modules\router\index.js:340:13)
        at C:\dev\MEAN15b\backend\node_modules\router\index.js:297:9
        at processParams (C:\dev\MEAN15b\backend\node_modules\router\index.js:582:12)
        at next (C:\dev\MEAN15b\backend\node_modules\router\index.js:291:5)
        at C:\dev\MEAN15b\backend\node_modules\router\index.js:688:15
        at next (C:\dev\MEAN15b\backend\node_modules\router\index.js:276:14)
        at next (C:\dev\MEAN15b\backend\node_modules\router\lib\route.js:132:14)
        at Object.<anonymous>.exports.createMember (C:\dev\MEAN15b\backend\controllers\memberController.js:33:5)
        at processTicksAndRejections (node:internal/process/task_queues:105:5) {
      errors: {
        usgaIndex: ValidatorError: USGA Index cannot be less than -10.0
            at validate (C:\dev\MEAN15b\backend\node_modules\mongoose\lib\schemaType.js:1414:13)
            at SchemaNumber.Object.<anonymous>.SchemaType.doValidate (C:\dev\MEAN15b\backend\node_modules\mongoose\lib\schemaType.js:1398:7)
            at C:\dev\MEAN15b\backend\node_modules\mongoose\lib\document.js:3115:18
            at processTicksAndRejections (node:internal/process/task_queues:85:11) {
          properties: [Object],
          kind: 'min',
          path: 'usgaIndex',
          value: -15,
          reason: undefined,
          [Symbol(mongoose#validatorError)]: true
        }
      },
      _message: 'Member validation failed'
    }

    [0m [90m 1 |[39m module[33m.[39mexports [33m=[39m (err[33m,[39m req[33m,[39m res[33m,[39m next) [33m=>[39m {
     [90m 2 |[39m   console[33m.[39merror([32m'Error occurred:'[39m[33m,[39m err[33m.[39mname[33m,[39m err[33m.[39mmessage)[33m;[39m
    [31m[1m>[22m[39m[90m 3 |[39m   console[33m.[39merror([32m'Full error:'[39m[33m,[39m err)[33m;[39m
     [90m   |[39m           [31m[1m^[22m[39m
     [90m 4 |[39m   
     [90m 5 |[39m   [90m// Handle JWT errors[39m
     [90m 6 |[39m   [36mif[39m (err[33m.[39mname [33m===[39m [32m'UnauthorizedError'[39m) {[0m

      at Object.<anonymous>.module.exports (middleware/errorHandler.js:3:11)
      at Layer.handleError (node_modules/router/lib/layer.js:116:17)
      at trimPrefix (node_modules/router/index.js:340:13)
      at node_modules/router/index.js:297:9
      at processParams (node_modules/router/index.js:582:12)
      at next (node_modules/router/index.js:291:5)
      at node_modules/router/index.js:688:15
      at next (node_modules/router/index.js:276:14)
      at next (node_modules/router/lib/route.js:132:14)
      at Object.<anonymous>.exports.createMember (controllers/memberController.js:33:5)

::ffff:127.0.0.1 - - [27/Dec/2025:20:06:07 +0000] "POST /api/members HTTP/1.1" 400 101 "-" "-"
  console.error
    Error occurred: ValidationError Member validation failed: usgaIndex: Cast to Number failed for value "abc" (type string) at path "usgaIndex"

    [0m [90m 1 |[39m module[33m.[39mexports [33m=[39m (err[33m,[39m req[33m,[39m res[33m,[39m next) [33m=>[39m {
    [31m[1m>[22m[39m[90m 2 |[39m   console[33m.[39merror([32m'Error occurred:'[39m[33m,[39m err[33m.[39mname[33m,[39m err[33m.[39mmessage)[33m;[39m
     [90m   |[39m           [31m[1m^[22m[39m
     [90m 3 |[39m   console[33m.[39merror([32m'Full error:'[39m[33m,[39m err)[33m;[39m
     [90m 4 |[39m   
     [90m 5 |[39m   [90m// Handle JWT errors[39m[0m

      at Object.<anonymous>.module.exports (middleware/errorHandler.js:2:11)
      at Layer.handleError (node_modules/router/lib/layer.js:116:17)
      at trimPrefix (node_modules/router/index.js:340:13)
      at node_modules/router/index.js:297:9
      at processParams (node_modules/router/index.js:582:12)
      at next (node_modules/router/index.js:291:5)
      at node_modules/router/index.js:688:15
      at next (node_modules/router/index.js:276:14)
      at next (node_modules/router/lib/route.js:132:14)
      at Object.<anonymous>.exports.createMember (controllers/memberController.js:33:5)

  console.error
    Full error: Error: Member validation failed: usgaIndex: Cast to Number failed for value "abc" (type string) at path "usgaIndex"
        at ValidationError.inspect (C:\dev\MEAN15b\backend\node_modules\mongoose\lib\error\validation.js:52:26)
        at formatValue (node:internal/util/inspect:887:19)
        at inspect (node:internal/util/inspect:409:10)
        at formatWithOptionsInternal (node:internal/util/inspect:2579:40)
        at format (node:internal/util/inspect:2436:10)
        at console.error (C:\dev\MEAN15b\backend\node_modules\@jest\console\build\CustomConsole.js:112:48)
        at Object.<anonymous>.module.exports (C:\dev\MEAN15b\backend\middleware\errorHandler.js:3:11)
        at Layer.handleError (C:\dev\MEAN15b\backend\node_modules\router\lib\layer.js:116:17)
        at trimPrefix (C:\dev\MEAN15b\backend\node_modules\router\index.js:340:13)
        at C:\dev\MEAN15b\backend\node_modules\router\index.js:297:9
        at processParams (C:\dev\MEAN15b\backend\node_modules\router\index.js:582:12)
        at next (C:\dev\MEAN15b\backend\node_modules\router\index.js:291:5)
        at C:\dev\MEAN15b\backend\node_modules\router\index.js:688:15
        at next (C:\dev\MEAN15b\backend\node_modules\router\index.js:276:14)
        at next (C:\dev\MEAN15b\backend\node_modules\router\lib\route.js:132:14)
        at Object.<anonymous>.exports.createMember (C:\dev\MEAN15b\backend\controllers\memberController.js:33:5)
        at processTicksAndRejections (node:internal/process/task_queues:105:5) {
      errors: {
        usgaIndex: CastError: Cast to Number failed for value "abc" (type string) at path "usgaIndex"
            at SchemaNumber.Object.<anonymous>.SchemaNumber.cast (C:\dev\MEAN15b\backend\node_modules\mongoose\lib\schema\number.js:381:11)
            at SchemaNumber.Object.<anonymous>.SchemaType.applySetters (C:\dev\MEAN15b\backend\node_modules\mongoose\lib\schemaType.js:1259:12)
            at model.$set (C:\dev\MEAN15b\backend\node_modules\mongoose\lib\document.js:1442:22)
            at model.$set (C:\dev\MEAN15b\backend\node_modules\mongoose\lib\document.js:1136:16)
            at model.Document (C:\dev\MEAN15b\backend\node_modules\mongoose\lib\document.js:178:12)
            at model.Model (C:\dev\MEAN15b\backend\node_modules\mongoose\lib\model.js:127:12)
            at new model (C:\dev\MEAN15b\backend\node_modules\mongoose\lib\model.js:4845:15)
            at C:\dev\MEAN15b\backend\node_modules\mongoose\lib\model.js:2775:20
            at Array.map (<anonymous>)
            at Function.create (C:\dev\MEAN15b\backend\node_modules\mongoose\lib\model.js:2763:34)
            at Object.<anonymous>.exports.createMember (C:\dev\MEAN15b\backend\controllers\memberController.js:28:33)
            at Layer.handleRequest (C:\dev\MEAN15b\backend\node_modules\router\lib\layer.js:152:17)
            at next (C:\dev\MEAN15b\backend\node_modules\router\lib\route.js:157:13)
            at extractAuthor (C:\dev\MEAN15b\backend\middleware\authorExtractor.js:11:3)
            at Layer.handleRequest (C:\dev\MEAN15b\backend\node_modules\router\lib\layer.js:152:17)
            at next (C:\dev\MEAN15b\backend\node_modules\router\lib\route.js:157:13)
            at C:\dev\MEAN15b\backend\middleware\roleHierarchy.js:11:14
            at Layer.handleRequest (C:\dev\MEAN15b\backend\node_modules\router\lib\layer.js:152:17)
            at next (C:\dev\MEAN15b\backend\node_modules\router\lib\route.js:157:13)
            at Route.dispatch (C:\dev\MEAN15b\backend\node_modules\router\lib\route.js:117:3)
            at handle (C:\dev\MEAN15b\backend\node_modules\router\index.js:435:11)
            at Layer.handleRequest (C:\dev\MEAN15b\backend\node_modules\router\lib\layer.js:152:17)
            at C:\dev\MEAN15b\backend\node_modules\router\index.js:295:15
            at processParams (C:\dev\MEAN15b\backend\node_modules\router\index.js:582:12)
            at next (C:\dev\MEAN15b\backend\node_modules\router\index.js:291:5)
            at Function.handle (C:\dev\MEAN15b\backend\node_modules\router\index.js:186:3)
            at router (C:\dev\MEAN15b\backend\node_modules\router\index.js:60:12)
            at Layer.handleRequest (C:\dev\MEAN15b\backend\node_modules\router\lib\layer.js:152:17)
            at trimPrefix (C:\dev\MEAN15b\backend\node_modules\router\index.js:342:13)
            at C:\dev\MEAN15b\backend\node_modules\router\index.js:297:9
            at processParams (C:\dev\MEAN15b\backend\node_modules\router\index.js:582:12)
            at next (C:\dev\MEAN15b\backend\node_modules\router\index.js:291:5)
            at auditLogger (C:\dev\MEAN15b\backend\middleware\auditLogger.js:39:3)
            at Layer.handleRequest (C:\dev\MEAN15b\backend\node_modules\router\lib\layer.js:152:17)
            at trimPrefix (C:\dev\MEAN15b\backend\node_modules\router\index.js:342:13)
            at C:\dev\MEAN15b\backend\node_modules\router\index.js:297:9
            at processParams (C:\dev\MEAN15b\backend\node_modules\router\index.js:582:12)
            at next (C:\dev\MEAN15b\backend\node_modules\router\index.js:291:5)
            at C:\dev\MEAN15b\backend\tests\setup.js:15:7
            at Layer.handleRequest (C:\dev\MEAN15b\backend\node_modules\router\lib\layer.js:152:17)
            at trimPrefix (C:\dev\MEAN15b\backend\node_modules\router\index.js:342:13)
            at C:\dev\MEAN15b\backend\node_modules\router\index.js:297:9
            at processParams (C:\dev\MEAN15b\backend\node_modules\router\index.js:582:12)
            at next (C:\dev\MEAN15b\backend\node_modules\router\index.js:291:5)
            at C:\dev\MEAN15b\backend\app.js:90:3
            at Layer.handleRequest (C:\dev\MEAN15b\backend\node_modules\router\lib\layer.js:152:17)
            at trimPrefix (C:\dev\MEAN15b\backend\node_modules\router\index.js:342:13)
            at C:\dev\MEAN15b\backend\node_modules\router\index.js:297:9
            at processParams (C:\dev\MEAN15b\backend\node_modules\router\index.js:582:12)
            at next (C:\dev\MEAN15b\backend\node_modules\router\index.js:291:5)
            at C:\dev\MEAN15b\backend\node_modules\express-rate-limit\dist\index.cjs:864:7
            at processTicksAndRejections (node:internal/process/task_queues:105:5)
            at C:\dev\MEAN15b\backend\node_modules\express-rate-limit\dist\index.cjs:747:5 {
          stringValue: '"abc"',
          messageFormat: undefined,
          kind: 'Number',
          value: 'abc',
          path: 'usgaIndex',
          reason: AssertionError [ERR_ASSERTION]: The expression evaluated to a falsy value:
          
            assert.ok(!isNaN(val))
          
              at castNumber (C:\dev\MEAN15b\backend\node_modules\mongoose\lib\cast\number.js:27:10)
              at SchemaNumber.Object.<anonymous>.SchemaNumber.cast (C:\dev\MEAN15b\backend\node_modules\mongoose\lib\schema\number.js:379:12)
              at SchemaNumber.Object.<anonymous>.SchemaType.applySetters (C:\dev\MEAN15b\backend\node_modules\mongoose\lib\schemaType.js:1259:12)
              at model.$set (C:\dev\MEAN15b\backend\node_modules\mongoose\lib\document.js:1442:22)
              at model.$set (C:\dev\MEAN15b\backend\node_modules\mongoose\lib\document.js:1136:16)
              at model.Document (C:\dev\MEAN15b\backend\node_modules\mongoose\lib\document.js:178:12)
              at model.Model (C:\dev\MEAN15b\backend\node_modules\mongoose\lib\model.js:127:12)
              at new model (C:\dev\MEAN15b\backend\node_modules\mongoose\lib\model.js:4845:15)
              at C:\dev\MEAN15b\backend\node_modules\mongoose\lib\model.js:2775:20
              at Array.map (<anonymous>)
              at Function.create (C:\dev\MEAN15b\backend\node_modules\mongoose\lib\model.js:2763:34)
              at Object.<anonymous>.exports.createMember (C:\dev\MEAN15b\backend\controllers\memberController.js:28:33)
              at Layer.handleRequest (C:\dev\MEAN15b\backend\node_modules\router\lib\layer.js:152:17)
              at next (C:\dev\MEAN15b\backend\node_modules\router\lib\route.js:157:13)
              at extractAuthor (C:\dev\MEAN15b\backend\middleware\authorExtractor.js:11:3)
              at Layer.handleRequest (C:\dev\MEAN15b\backend\node_modules\router\lib\layer.js:152:17)
              at next (C:\dev\MEAN15b\backend\node_modules\router\lib\route.js:157:13)
              at C:\dev\MEAN15b\backend\middleware\roleHierarchy.js:11:14
              at Layer.handleRequest (C:\dev\MEAN15b\backend\node_modules\router\lib\layer.js:152:17)
              at next (C:\dev\MEAN15b\backend\node_modules\router\lib\route.js:157:13)
              at Route.dispatch (C:\dev\MEAN15b\backend\node_modules\router\lib\route.js:117:3)
              at handle (C:\dev\MEAN15b\backend\node_modules\router\index.js:435:11)
              at Layer.handleRequest (C:\dev\MEAN15b\backend\node_modules\router\lib\layer.js:152:17)
              at C:\dev\MEAN15b\backend\node_modules\router\index.js:295:15
              at processParams (C:\dev\MEAN15b\backend\node_modules\router\index.js:582:12)
              at next (C:\dev\MEAN15b\backend\node_modules\router\index.js:291:5)
              at Function.handle (C:\dev\MEAN15b\backend\node_modules\router\index.js:186:3)
              at router (C:\dev\MEAN15b\backend\node_modules\router\index.js:60:12)
              at Layer.handleRequest (C:\dev\MEAN15b\backend\node_modules\router\lib\layer.js:152:17)
              at trimPrefix (C:\dev\MEAN15b\backend\node_modules\router\index.js:342:13)
              at C:\dev\MEAN15b\backend\node_modules\router\index.js:297:9
              at processParams (C:\dev\MEAN15b\backend\node_modules\router\index.js:582:12)
              at next (C:\dev\MEAN15b\backend\node_modules\router\index.js:291:5)
              at auditLogger (C:\dev\MEAN15b\backend\middleware\auditLogger.js:39:3)
              at Layer.handleRequest (C:\dev\MEAN15b\backend\node_modules\router\lib\layer.js:152:17)
              at trimPrefix (C:\dev\MEAN15b\backend\node_modules\router\index.js:342:13)
              at C:\dev\MEAN15b\backend\node_modules\router\index.js:297:9
              at processParams (C:\dev\MEAN15b\backend\node_modules\router\index.js:582:12)
              at next (C:\dev\MEAN15b\backend\node_modules\router\index.js:291:5)
              at C:\dev\MEAN15b\backend\tests\setup.js:15:7
              at Layer.handleRequest (C:\dev\MEAN15b\backend\node_modules\router\lib\layer.js:152:17)
              at trimPrefix (C:\dev\MEAN15b\backend\node_modules\router\index.js:342:13)
              at C:\dev\MEAN15b\backend\node_modules\router\index.js:297:9
              at processParams (C:\dev\MEAN15b\backend\node_modules\router\index.js:582:12)
              at next (C:\dev\MEAN15b\backend\node_modules\router\index.js:291:5)
              at C:\dev\MEAN15b\backend\app.js:90:3
              at Layer.handleRequest (C:\dev\MEAN15b\backend\node_modules\router\lib\layer.js:152:17)
              at trimPrefix (C:\dev\MEAN15b\backend\node_modules\router\index.js:342:13)
              at C:\dev\MEAN15b\backend\node_modules\router\index.js:297:9
              at processParams (C:\dev\MEAN15b\backend\node_modules\router\index.js:582:12)
              at next (C:\dev\MEAN15b\backend\node_modules\router\index.js:291:5)
              at C:\dev\MEAN15b\backend\node_modules\express-rate-limit\dist\index.cjs:864:7
              at processTicksAndRejections (node:internal/process/task_queues:105:5)
              at C:\dev\MEAN15b\backend\node_modules\express-rate-limit\dist\index.cjs:747:5 {
            generatedMessage: true,
            code: 'ERR_ASSERTION',
            actual: false,
            expected: true,
            operator: '==',
            diff: 'simple'
          },
          valueType: 'string'
        }
      },
      _message: 'Member validation failed'
    }

    [0m [90m 1 |[39m module[33m.[39mexports [33m=[39m (err[33m,[39m req[33m,[39m res[33m,[39m next) [33m=>[39m {
     [90m 2 |[39m   console[33m.[39merror([32m'Error occurred:'[39m[33m,[39m err[33m.[39mname[33m,[39m err[33m.[39mmessage)[33m;[39m
    [31m[1m>[22m[39m[90m 3 |[39m   console[33m.[39merror([32m'Full error:'[39m[33m,[39m err)[33m;[39m
     [90m   |[39m           [31m[1m^[22m[39m
     [90m 4 |[39m   
     [90m 5 |[39m   [90m// Handle JWT errors[39m
     [90m 6 |[39m   [36mif[39m (err[33m.[39mname [33m===[39m [32m'UnauthorizedError'[39m) {[0m

      at Object.<anonymous>.module.exports (middleware/errorHandler.js:3:11)
      at Layer.handleError (node_modules/router/lib/layer.js:116:17)
      at trimPrefix (node_modules/router/index.js:340:13)
      at node_modules/router/index.js:297:9
      at processParams (node_modules/router/index.js:582:12)
      at next (node_modules/router/index.js:291:5)
      at node_modules/router/index.js:688:15
      at next (node_modules/router/index.js:276:14)
      at next (node_modules/router/lib/route.js:132:14)
      at Object.<anonymous>.exports.createMember (controllers/memberController.js:33:5)

::ffff:127.0.0.1 - - [27/Dec/2025:20:06:07 +0000] "POST /api/members HTTP/1.1" 400 140 "-" "-"
::ffff:127.0.0.1 - - [27/Dec/2025:20:06:07 +0000] "POST /api/members HTTP/1.1" 201 314 "-" "-"
node.exe : FAIL tests/memberController.test.js
At line:1 char:1
+ & "C:\Program Files\nodejs/node.exe" 
"C:\Users\cliff\AppData\Roaming\ ...
+ ~~~~~~~~~~~~~~~~~~~~~~~~~~~~~~~~~~~~~~~~~~~~~~~~~~~~~~~~~~~~~~~~~~~~~
    + CategoryInfo          : NotSpecified: (FAIL tests/memberControll 
   er.test.js:String) [], RemoteException
    + FullyQualifiedErrorId : NativeCommandError
 
  Member API
    ΓêÜ should get all members (82 ms)
    ├ù should create a new member (35 ms)
    ├ù should get a member by ID (74 ms)
    ├ù should create a member and set fullname/fullnameR (11 ms)
    ├ù should get member and verify fullname/fullnameR (10 ms)
    ├ù should update a member (15 ms)
    ├ù should delete a member (10 ms)
    ΓêÜ should reject USGAIndex above allowed max (11 ms)
    ΓêÜ should reject USGAIndex below allowed min (10 ms)
    ΓêÜ should reject non-numeric USGAIndex (24 ms)
    ΓêÜ should accept valid USGAIndex (8 ms)

  ΓùÅ Member API ΓÇ║ should create a new member

    expect(received).toBe(expected) // Object.is equality

    Expected: "Test User"
    Received: undefined

    [0m [90m 46 |[39m     expect(res[33m.[39mstatusCode)[33m.[39
mtoBe([35m201[39m)[33m;[39m
     [90m 47 |[39m     expect(res[33m.[39mbody[33m.[39mmember[33
m.[39mfirstName)[33m.[39mtoBe([32m'Test'[39m)[33m;[39m
    [31m[1m>[22m[39m[90m 48 |[39m     expect(res[33m.[39mbody[
33m.[39mmember[33m.[39mfullName)[33m.[39mtoBe([32m'Test 
User'[39m)[33m;[39m
     [90m    |[39m                                      
[31m[1m^[22m[39m
     [90m 49 |[39m     memberId [33m=[39m 
res[33m.[39mbody[33m.[39mmember[33m.[39m_id[33m;[39m
     [90m 50 |[39m   }[33m,[39m [35m5000[39m)[33m;[39m
     [90m 51 |[39m[0m

      at Object.<anonymous> (tests/memberController.test.js:48:38)

  ΓùÅ Member API ΓÇ║ should get a member by ID

    expect(received).toBe(expected) // Object.is equality

    Expected: 200
    Received: 500

    [0m [90m 58 |[39m       [33m;[39m
     [90m 59 |[39m     [90m// console.log('Get member by ID 
response:', res.body);[39m
    [31m[1m>[22m[39m[90m 60 |[39m     expect(res[33m.[39mstatus
Code)[33m.[39mtoBe([35m200[39m)[33m;[39m
     [90m    |[39m                            [31m[1m^[22m[39m
     [90m 61 |[39m     [90m// Accept either member._id or _id[39m
     [90m 62 |[39m     [36mif[39m 
(res[33m.[39mbody[33m.[39mmember [33m&&[39m 
res[33m.[39mbody[33m.[39mmember[33m.[39m_id) {
     [90m 63 |[39m       expect(res[33m.[39mbody[33m.[39mmember[
33m.[39m_id)[33m.[39mtoBe(memberId)[33m;[39m[0m

      at Object.<anonymous> (tests/memberController.test.js:60:28)

  ΓùÅ Member API ΓÇ║ should create a member and set fullname/fullnameR

    expect(received).toBe(expected) // Object.is equality

    Expected: "Jane Doe"
    Received: undefined

    [0m [90m 77 |[39m       [90m// Check fullname and fullnameR in 
response[39m
     [90m 78 |[39m       console[33m.[39mlog([32m'Create member 
response for fullname test:'[39m[33m,[39m 
res[33m.[39mbody)[33m;[39m
    [31m[1m>[22m[39m[90m 79 |[39m       expect(res[33m.[39mbody
[33m.[39mmember[33m.[39mfullName)[33m.[39mtoBe([32m'Jane 
Doe'[39m)[33m;[39m
     [90m    |[39m                                        
[31m[1m^[22m[39m
     [90m 80 |[39m       expect(res[33m.[39mbody[33m.[39mmember[
33m.[39mfullNameR)[33m.[39mtoBe([32m'Doe, Jane'[39m)[33m;[39m
     [90m 81 |[39m       memberId [33m=[39m 
res[33m.[39mbody[33m.[39mmember[33m.[39m_id [33m||[39m 
res[33m.[39mbody[33m.[39mmember[33m.[39mid[33m;[39m
     [90m 82 |[39m       console[33m.[39mlog([32m'Stored 
memberId:'[39m[33m,[39m memberId)[33m;[39m[0m

      at Object.<anonymous> (tests/memberController.test.js:79:40)

  ΓùÅ Member API ΓÇ║ should get member and verify fullname/fullnameR

    expect(received).toBe(expected) // Object.is equality

    Expected: 200
    Received: 500

    [0m [90m 91 |[39m     
expect(res[33m.[39mbody)[33m.[39mtoBeDefined()[33m;[39m
     [90m 92 |[39m     [90m// console.log('Get member fullname 
response:', res.body);[39m
    [31m[1m>[22m[39m[90m 93 |[39m     expect(res[33m.[39mstatus
Code)[33m.[39mtoBe([35m200[39m)[33m;[39m
     [90m    |[39m                            [31m[1m^[22m[39m
     [90m 94 |[39m       expect(res[33m.[39mbody[33m.[39mmember[
33m.[39mfullName)[33m.[39mtoBe([32m'Jane Doe'[39m)[33m;[39m
     [90m 95 |[39m       expect(res[33m.[39mbody[33m.[39mmember[
33m.[39mfullNameR)[33m.[39mtoBe([32m'Doe, Jane'[39m)[33m;[39m
     [90m 96 |[39m   }[33m,[39m [35m5000[39m)[33m;[39m[0m

      at Object.<anonymous> (tests/memberController.test.js:93:28)

  ΓùÅ Member API ΓÇ║ should update a member

    expect(received).toBe(expected) // Object.is equality

    Expected: 200
    Received: 500

    [0m [90m 101 |[39m       
     [90m 102 |[39m       [33m.[39msend({ firstName[33m:[39m 
[32m'Updated'[39m })[33m;[39m
    [31m[1m>[22m[39m[90m 103 |[39m     expect(res[33m.[39mstatu
sCode)[33m.[39mtoBe([35m200[39m)[33m;[39m
     [90m     |[39m                            [31m[1m^[22m[39m
     [90m 104 |[39m     expect(res[33m.[39mbody[33m.[39mmember[3
3m.[39mfirstName)[33m.[39mtoBe([32m'Updated'[39m)[33m;[39m
     [90m 105 |[39m   }[33m,[39m [35m5000[39m)[33m;[39m
     [90m 106 |[39m[0m

      at Object.<anonymous> (tests/memberController.test.js:103:28)

  ΓùÅ Member API ΓÇ║ should delete a member

    expect(received).toBe(expected) // Object.is equality

    Expected: 200
    Received: 500

    [0m [90m 109 |[39m       
[33m.[39m[36mdelete[39m([32m`/api/members/${memberId}`[39m)
     [90m 110 |[39m       [33m;[39m
    [31m[1m>[22m[39m[90m 111 |[39m     expect(res[33m.[39mstatu
sCode)[33m.[39mtoBe([35m200[39m)[33m;[39m
     [90m     |[39m                            [31m[1m^[22m[39m
     [90m 112 |[39m     expect(res[33m.[39mbody[33m.[39msuccess)
[33m.[39mtoBe([36mtrue[39m)[33m;[39m
     [90m 113 |[39m   }[33m,[39m [35m5000[39m)[33m;[39m
     [90m 114 |[39m[0m

      at Object.<anonymous> (tests/memberController.test.js:111:28)

Test Suites: 1 failed, 1 total
Tests:       6 failed, 5 passed, 11 total
Snapshots:   0 total
Time:        1.882 s, estimated 2 s
Ran all test suites matching /tests\\memberController.test.js/i.
